hey          line 1 cols 1-3 is T_Identifier 

*** Error.
*** Input ends with unterminated comment

