this         line 8 cols 1-4 is T_Identifier 
is           line 8 cols 6-7 is T_Identifier 
not          line 8 cols 9-11 is T_Identifier 
