hey          line 1 cols 1-3 is T_Identifier 
yo           line 2 cols 1-2 is T_Identifier 
