++           line 1 cols 1-2 is T_Inc 
--           line 2 cols 1-2 is T_Dec 
<=           line 3 cols 1-2 is T_LessEqual 
>=           line 4 cols 1-2 is T_GreaterEqual 
==           line 5 cols 1-2 is T_EQ 
!=           line 6 cols 1-2 is T_NE 
&&           line 7 cols 1-2 is T_And 
||           line 8 cols 1-2 is T_Or 
*=           line 9 cols 1-2 is T_MulAssign 
/=           line 10 cols 1-2 is T_DivAssign 
+=           line 11 cols 1-2 is T_AddAssign 
-=           line 12 cols 1-2 is T_SubAssign 
(            line 13 cols 1-1 is T_LeftParen 
)            line 14 cols 1-1 is T_RightParen 
[            line 15 cols 1-1 is T_LeftBracket 
]            line 16 cols 1-1 is T_RightBracket 
{            line 17 cols 1-1 is T_LeftBrace 
}            line 18 cols 1-1 is T_RightBrace 
.            line 19 cols 1-1 is T_Dot 
:            line 20 cols 1-1 is T_Colon 
=            line 21 cols 1-1 is T_Equal 
;            line 22 cols 1-1 is T_Semicolon 
-            line 23 cols 1-1 is T_Dash 
+            line 24 cols 1-1 is T_Plus 
*            line 25 cols 1-1 is T_Star 
/            line 26 cols 1-1 is T_Slash 
<            line 27 cols 1-1 is T_LeftAngle 
>            line 28 cols 1-1 is T_RightAngle 
?            line 29 cols 1-1 is T_Question 
++           line 30 cols 1-2 is T_Inc 
--           line 30 cols 3-4 is T_Dec 
<=           line 30 cols 5-6 is T_LessEqual 
==           line 30 cols 7-8 is T_EQ 
=            line 30 cols 9-9 is T_Equal 
!=           line 30 cols 10-11 is T_NE 
&&           line 30 cols 12-13 is T_And 
||           line 30 cols 14-15 is T_Or 
*=           line 30 cols 16-17 is T_MulAssign 
/=           line 30 cols 18-19 is T_DivAssign 
+=           line 30 cols 20-21 is T_AddAssign 
-=           line 30 cols 22-23 is T_SubAssign 
(            line 30 cols 24-24 is T_LeftParen 
)            line 30 cols 25-25 is T_RightParen 
[            line 30 cols 26-26 is T_LeftBracket 
]            line 30 cols 27-27 is T_RightBracket 
{            line 30 cols 28-28 is T_LeftBrace 
}            line 30 cols 29-29 is T_RightBrace 
.            line 30 cols 30-30 is T_Dot 
:            line 30 cols 31-31 is T_Colon 
=            line 30 cols 32-32 is T_Equal 
;            line 30 cols 33-33 is T_Semicolon 
+            line 30 cols 34-34 is T_Plus 
/            line 30 cols 35-35 is T_Slash 
<            line 30 cols 36-36 is T_LeftAngle 
?            line 30 cols 37-37 is T_Question 
